[{"id":2,"bouquetName":"test name 2","price":456,"amountSold":2,"description":"test description 2"},{"id":1,"bouquetName":"test name 1","price":123,"amountSold":1,"description":"test description 1"}]
