{"id":1,"shopName":"testshopname 1","streetName":"test streetname 1","houseNumber":"test housenumber 1","city":"testcity 1","postalCode":"testpostalcode 1","phoneNumber":"testpostalcode 1","email":"testemail 1"}
