{"id":1,"orderId":1,"flowerBouquetId":1,"amount":1}
