{"id":1,"bouquetName":"test name 1","price":123,"amountSold":1,"description":"test description 1"}
