[{"id":1,"dateTimeOrder":"testdatetimeorder 1","personId":"testpersonid 1"},{"id":2,"dateTimeOrder":"testdatetimeorder 2","personId":"testpersonid 2"}]
