{"id":1,"dateTimeOrder":"testdatetimeorder 1","personId":"testpersonid 1"}
