{
  "Value": {
    "id": 1,
    "dateTimeOrder": "testdatetime 1",
    "personId": "testpersonid 1"
  },
  "Formatters": [],
  "ContentTypes": [],
  "DeclaredType": null,
  "StatusCode": 200
}
